<html>
<body>
<pre>
<h1>µVision Build Log</h1>
<h2>Project:</h2>
C:\Keil\Labware\Lab7_HeartBlock\Lab7.uvproj
Project File Date:  03/10/2018

<h2>Output:</h2>
Build target 'Lab7'
compiling main.c...
linking...
Program Size: Code=4292 RO-data=6156 RW-data=96 ZI-data=1752  
".\Lab7.axf" - 0 Error(s), 0 Warning(s).
Load "C:\\Keil\\Labware\\Lab7_HeartBlock\\Lab7.axf" 
Connecting: Mode=JTAG, Speed=1000000Hz
Erase Done.
Programming Done.
Verify OK.
</pre>
</body>
</html>
celled
Load "C:\\Keil\\Labware\\Lab7_HeartBlock\\Lab7.axf" 
Connecting: Mode=JTAG, Speed=1000000Hz
Erase Done.
Programming Done.
Verify OK.
